// Jest Snapshot v1, https://goo.gl/fbAQLP

exports[`"flags" option should work: errors 1`] = `Array []`;

exports[`"flags" option should work: module 1`] = `
"
try {
  global.process.dlopen(module, __dirname + \\"/\\" + __webpack_public_path__ + \\"hello.node\\", 1);
} catch (error) {
  throw new Error('node-loader:\\\\n' + error);
}
"
`;

exports[`"flags" option should work: result 1`] = `
Object {
  "default": Object {},
}
`;

exports[`"flags" option should work: warnings 1`] = `Array []`;
